exports[`test ChatWindow snapshot 1`] = `
<div
  style={
    Object {
      "marginBottom": "10px",
      "marginTop": "10xp",
    }
  }>
  <ChatList />
  <div
    style={
      Object {
        "marginLeft": "10px",
        "marginRight": "10px",
      }
    }>
    <input
      className="form-control"
      onKeyUp={[Function]}
      style={
        Object {
          "display": "inline-block",
          "fontSize": "1.5rem",
          "marginRight": "20px",
          "width": "270px",
        }
      }
      type="text" />
    <button
      className="btn btn-default"
      onClick={[Function]}>
      Send message
    </button>
  </div>
</div>
`;
