exports[`test ChatWindow snapshot 1`] = `
<div
  className="window_ji3w17">
  <ChatList />
  <div
    className="span_1o6grbo">
    <input
      className="box_1l6x5pd-o_O-bigger_tou7b3 form-control"
      onKeyUp={[Function]}
      type="text" />
    <button
      className="btn btn-default"
      onClick={[Function]}>
      Send message
    </button>
  </div>
</div>
`;
