exports[`test ClientRoomPage snapshot 1`] = `
<div
  className="room-flex-container">
  <div
    className="room-widget">
    <div
      className="widget__header-text">
      id: 
    </div>
    <div>
      <div
        className="window_ji3w17">
        <div
          className="list_y16a99 room-chat-body" />
        <div
          className="span_1o6grbo">
          <input
            className="box_1l6x5pd-o_O-bigger_tou7b3 form-control"
            onKeyUp={[Function]}
            type="text" />
          <button
            className="btn btn-default"
            onClick={[Function]}>
            Send message
          </button>
        </div>
      </div>
    </div>
  </div>
</div>
`;
